Token           Lexeme               Property                        Line           Column         
INT             int                                                   1              0              
IDENT           d                    d                                1              4              
ASSIGN          =                                                     1              6              
INT_CONST       5                    5                                1              8              
SEMICOLON       ;                                                     1              9              
INT             int                                                   2              0              
IDENT           A                    A                                2              4              
LSQUARE         [                                                     2              5              
INT_CONST       100                  100                              2              6              
RSQUARE         ]                                                     2              9              
LSQUARE         [                                                     2              10             
INT_CONST       100                  100                              2              11             
RSQUARE         ]                                                     2              14             
ASSIGN          =                                                     2              16             
LBRACE          {                                                     2              18             
RBRACE          }                                                     2              19             
SEMICOLON       ;                                                     2              20             
INT             int                                                   3              0              
IDENT           main                 main                             3              4              
LPAREN          (                                                     3              8              
RPAREN          )                                                     3              9              
LBRACE          {                                                     4              0              
INT             int                                                   5              2              
IDENT           i                    i                                5              6              
ASSIGN          =                                                     5              8              
INT_CONST       2                    2                                5              10             
COMMA           ,                                                     5              11             
IDENT           j                    j                                5              12             
ASSIGN          =                                                     5              14             
INT_CONST       3                    3                                5              16             
SEMICOLON       ;                                                     5              17             
IDENT           A                    A                                6              2              
LSQUARE         [                                                     6              3              
IDENT           i                    i                                6              4              
RSQUARE         ]                                                     6              5              
LSQUARE         [                                                     6              6              
IDENT           j                    j                                6              7              
RSQUARE         ]                                                     6              8              
ASSIGN          =                                                     6              10             
IDENT           A                    A                                6              12             
LSQUARE         [                                                     6              13             
IDENT           i                    i                                6              14             
RSQUARE         ]                                                     6              15             
LSQUARE         [                                                     6              16             
IDENT           j                    j                                6              17             
RSQUARE         ]                                                     6              18             
ADD             +                                                     6              20             
IDENT           A                    A                                6              22             
LSQUARE         [                                                     6              23             
IDENT           i                    i                                6              24             
RSQUARE         ]                                                     6              25             
LSQUARE         [                                                     6              26             
IDENT           j                    j                                6              27             
RSQUARE         ]                                                     6              28             
SUB             -                                                     6              30             
INT_CONST       2                    2                                6              32             
SEMICOLON       ;                                                     6              33             
RETURN          return                                                7              2              
INT_CONST       0                    0                                7              9              
SEMICOLON       ;                                                     7              10             
RBRACE          }                                                     8              0              
