Token           Lexeme               Property                        Line           Column         
INT             int                                                   1              0              
IDENT           d                    d                                1              4              
ASSIGN          =                                                     1              6              
INT_CONST       0                    0                                1              8              
SEMICOLON       ;                                                     1              9              
INT             int                                                   2              0              
IDENT           f                    f                                2              4              
LPAREN          (                                                     2              5              
RPAREN          )                                                     2              6              
LBRACE          {                                                     3              0              
IF              if                                                    4              4              
LPAREN          (                                                     4              6              
IDENT           d                    d                                4              7              
RPAREN          )                                                     4              8              
LBRACE          {                                                     4              9              
RETURN          return                                                5              8              
INT_CONST       3                    3                                5              15             
SEMICOLON       ;                                                     5              16             
RBRACE          }                                                     6              4              
ELSE            else                                                  7              4              
LBRACE          {                                                     7              8              
RETURN          return                                                8              8              
INT_CONST       15                   15                               8              15             
SEMICOLON       ;                                                     8              17             
RBRACE          }                                                     9              4              
RBRACE          }                                                     10             0              
INT             int                                                   12             0              
IDENT           main                 main                             12             4              
LPAREN          (                                                     12             8              
RPAREN          )                                                     12             9              
LBRACE          {                                                     13             0              
RETURN          return                                                14             4              
IDENT           f                    f                                14             11             
LPAREN          (                                                     14             12             
RPAREN          )                                                     14             13             
SEMICOLON       ;                                                     14             14             
RBRACE          }                                                     15             0              
