Token           Lexeme               Property                        Line           Column         
INT             int                                                   1              0              
IDENT           main                 main                             1              4              
LPAREN          (                                                     1              8              
RPAREN          )                                                     1              9              
LBRACE          {                                                     2              0              
INT             int                                                   3              4              
IDENT           a                    a                                3              8              
ASSIGN          =                                                     3              10             
IDENT           getint               getint                           3              12             
LPAREN          (                                                     3              18             
RPAREN          )                                                     3              19             
SEMICOLON       ;                                                     3              20             
IDENT           a                    a                                4              4              
ASSIGN          =                                                     4              6              
IDENT           a                    a                                4              8              
ADD             +                                                     4              10             
INT_CONST       1                    1                                4              12             
SEMICOLON       ;                                                     4              13             
IDENT           a                    a                                5              4              
ASSIGN          =                                                     5              6              
IDENT           a                    a                                5              8              
ADD             +                                                     5              10             
INT_CONST       1                    1                                5              12             
SEMICOLON       ;                                                     5              13             
IDENT           a                    a                                6              4              
ASSIGN          =                                                     6              6              
IDENT           a                    a                                6              8              
ADD             +                                                     6              10             
INT_CONST       1                    1                                6              12             
SEMICOLON       ;                                                     6              13             
RETURN          return                                                7              4              
IDENT           a                    a                                7              11             
SEMICOLON       ;                                                     7              12             
RBRACE          }                                                     8              0              
