Token           Lexeme               Property                        Line           Column         
INT             int                                                   1              0              
IDENT           main                 main                             1              4              
LPAREN          (                                                     1              8              
RPAREN          )                                                     1              9              
LBRACE          {                                                     1              10             
INT             int                                                   2              4              
IDENT           a                    a                                2              8              
ASSIGN          =                                                     2              10             
IDENT           getint               getint                           2              12             
LPAREN          (                                                     2              18             
RPAREN          )                                                     2              19             
SEMICOLON       ;                                                     2              20             
INT             int                                                   3              4              
IDENT           b                    b                                3              8              
ASSIGN          =                                                     3              10             
IDENT           getint               getint                           3              12             
LPAREN          (                                                     3              18             
RPAREN          )                                                     3              19             
SEMICOLON       ;                                                     3              20             
RETURN          return                                                4              4              
IDENT           a                    a                                4              11             
MOD             %                                                     4              12             
INT_CONST       998244353            998244353                        4              13             
ADD             +                                                     4              23             
IDENT           b                    b                                4              25             
MOD             %                                                     4              26             
INT_CONST       32                   32                               4              27             
SEMICOLON       ;                                                     4              29             
RBRACE          }                                                     5              0              
