Token           Lexeme               Property                        Line           Column         
INT             int                                                   1              0              
IDENT           gcd                  gcd                              1              4              
LPAREN          (                                                     1              7              
INT             int                                                   1              8              
IDENT           a                    a                                1              12             
COMMA           ,                                                     1              13             
INT             int                                                   1              14             
IDENT           b                    b                                1              18             
RPAREN          )                                                     1              19             
LBRACE          {                                                     2              0              
IF              if                                                    3              4              
LPAREN          (                                                     3              7              
IDENT           a                    a                                3              8              
EQ              ==                                                    3              10             
INT_CONST       0                    0                                3              13             
RPAREN          )                                                     3              14             
LBRACE          {                                                     3              16             
RETURN          return                                                4              8              
IDENT           b                    b                                4              15             
SEMICOLON       ;                                                     4              16             
RBRACE          }                                                     5              4              
RETURN          return                                                6              4              
IDENT           gcd                  gcd                              6              11             
LPAREN          (                                                     6              14             
IDENT           b                    b                                6              15             
COMMA           ,                                                     6              16             
IDENT           a                    a                                6              18             
MOD             %                                                     6              20             
IDENT           b                    b                                6              22             
RPAREN          )                                                     6              23             
SEMICOLON       ;                                                     6              24             
RBRACE          }                                                     7              0              
INT             int                                                   9              0              
IDENT           main                 main                             9              4              
LPAREN          (                                                     9              8              
RPAREN          )                                                     9              9              
LBRACE          {                                                     10             0              
RETURN          return                                                11             4              
IDENT           gcd                  gcd                              11             11             
LPAREN          (                                                     11             14             
INT_CONST       4                    4                                11             15             
COMMA           ,                                                     11             16             
INT_CONST       64                   64                               11             17             
RPAREN          )                                                     11             19             
SEMICOLON       ;                                                     11             20             
RBRACE          }                                                     12             0              
