Program
  VarDecls   Type:int
    VarDef   name:d   scope:0
      init:
        VarInitVal_exp
          Intconst   val:0   type:int
  FuncDef   name:f   return_type:int
    Block   Size:1
      IfElseStmt:
      Cond   type:bool
        Lval   type:int   name:d   scope:0
      if_stmt:
        BlockStmt:
          Block   Size:1
            ReturnStmt:
              Intconst   val:3   type:int
      else_Stmt:
        BlockStmt:
          Block   Size:1
            ReturnStmt:
              Intconst   val:15   type:int
  FuncDef   name:main   return_type:int
    Block   Size:1
      ReturnStmt:
        FuncCall   name:f   type:int
          Empty params
