Program
  FuncDef   name:main   return_type:int
    Block   Size:5
      VarDecls   Type:int
        VarDef   name:a   scope:1
          init:
            VarInitVal_exp
              FuncCall   name:getint   type:int
                Empty params
      AssignStmt:
        Lval   type:int   name:a   scope:1
        AddExp_plus: (+)   type:int
          Lval   type:int   name:a   scope:1
          Intconst   val:1   type:int
      AssignStmt:
        Lval   type:int   name:a   scope:1
        AddExp_plus: (+)   type:int
          Lval   type:int   name:a   scope:1
          Intconst   val:1   type:int
      AssignStmt:
        Lval   type:int   name:a   scope:1
        AddExp_plus: (+)   type:int
          Lval   type:int   name:a   scope:1
          Intconst   val:1   type:int
      ReturnStmt:
        Lval   type:int   name:a   scope:1
