Program
  FuncDef   name:main   return_type:int
    Block   Size:3
      VarDecls   Type:int
        VarDef   name:a   scope:1
          init:
            VarInitVal_exp
              FuncCall   name:getint   type:int
                Empty params
      VarDecls   Type:int
        VarDef   name:b   scope:1
          init:
            VarInitVal_exp
              FuncCall   name:getint   type:int
                Empty params
      ReturnStmt:
        AddExp_plus: (+)   type:int
          MulExp_mod: (%)   type:int
            Lval   type:int   name:a   scope:1
            Intconst   val:998244353   type:int
          MulExp_mod: (%)   type:int
            Lval   type:int   name:b   scope:1
            Intconst   val:32   type:int
