Program
  FuncDef   name:gcd   return_type:int
    FuncFParam   name:a   type:int   scope:1

    FuncFParam   name:b   type:int   scope:1

    Block   Size:2
      IfStmt:
      Cond   type:bool
        EqExp_eq: (==)   type:bool
          Lval   type:int   name:a   scope:1
          Intconst   val:0   type:int
      if_stmt:
        BlockStmt:
          Block   Size:1
            ReturnStmt:
              Lval   type:int   name:b   scope:1
      ReturnStmt:
        FuncCall   name:gcd   type:int
          FuncRParams:
            Lval   type:int   name:b   scope:1
            MulExp_mod: (%)   type:int
              Lval   type:int   name:a   scope:1
              Lval   type:int   name:b   scope:1
  FuncDef   name:main   return_type:int
    Block   Size:1
      ReturnStmt:
        FuncCall   name:gcd   type:int
          FuncRParams:
            Intconst   val:4   type:int
            Intconst   val:64   type:int
